2025-07-29 20:08:07,084 |     INFO |             <module>:495 | 🚀 스크래핑 + JPG 변환 시작
2025-07-29 20:08:07,085 |     INFO |             <module>:496 | 요약 로그 파일: logs\scraper_summary_20250729_200807.txt
2025-07-29 20:08:07,088 |     INFO |             <module>:880 | 로그인 페이지 접속 중...
2025-07-29 20:08:10,523 |  WARNING |        remove_popups:538 | 팝업 제거 중 오류: Message: invalid session id: session deleted as the browser has closed the connection
from disconnected: not connected to DevTools
  (Session info: chrome=138.0.7204.169)
Stacktrace:
	GetHandleVerifier [0x0x7ff67a626f65+78965]
	GetHandleVerifier [0x0x7ff67a626fc0+79056]
	(No symbol) [0x0x7ff67a3b9dda]
	(No symbol) [0x0x7ff67a3a5bc5]
	(No symbol) [0x0x7ff67a3cac04]
	(No symbol) [0x0x7ff67a440195]
	(No symbol) [0x0x7ff67a4606cd]
	(No symbol) [0x0x7ff67a438443]
	(No symbol) [0x0x7ff67a401311]
	(No symbol) [0x0x7ff67a4020a3]
	GetHandleVerifier [0x0x7ff67a8de26d+2926461]
	GetHandleVerifier [0x0x7ff67a8d8993+2903715]
	GetHandleVerifier [0x0x7ff67a8f6aed+3026941]
	GetHandleVerifier [0x0x7ff67a6416fe+187406]
	GetHandleVerifier [0x0x7ff67a6496ef+220159]
	GetHandleVerifier [0x0x7ff67a62faf4+114692]
	GetHandleVerifier [0x0x7ff67a62fca9+115129]
	GetHandleVerifier [0x0x7ff67a6164d8+10728]
	BaseThreadInitThunk [0x0x7ffca7e77374+20]
	RtlUserThreadStart [0x0x7ffca8cbcc91+33]

2025-07-29 20:08:10,525 |     INFO |             <module>:887 | 로그인 시도 중...
2025-07-29 20:08:10,578 |     INFO |             <module>:1244 | 브라우저 종료
2025-07-29 20:08:12,625 |     INFO |             <module>:1249 | === 실행 결과 요약 ===
2025-07-29 20:08:12,627 |     INFO |             <module>:1250 | 총 실행 시간: 0:00:05.541108
2025-07-29 20:08:12,628 |     INFO |             <module>:1251 | 총 출근부: 0개
2025-07-29 20:08:12,633 |     INFO |             <module>:1252 | 성공한 출근부: 0개
2025-07-29 20:08:12,633 |     INFO |             <module>:1253 | 실패한 출근부: 0개
2025-07-29 20:08:12,633 |     INFO |             <module>:1254 | 총 다운로드 시도: 0회
2025-07-29 20:08:12,634 |     INFO |             <module>:1255 | 성공한 다운로드: 0개
2025-07-29 20:08:12,634 |     INFO |             <module>:1256 | JPG로 변환된 파일: 0개
2025-07-29 20:08:12,634 |     INFO |             <module>:1257 | 스킵된 다운로드: 0개
2025-07-29 20:08:12,635 |     INFO |             <module>:1258 | 실패한 다운로드: 0개
2025-07-29 20:08:12,635 |     INFO |             <module>:1259 | 출근부 성공률: 0%
2025-07-29 20:08:12,635 |     INFO |             <module>:1260 | 다운로드 성공률: 0%
2025-07-29 20:08:12,640 |     INFO |             <module>:1524 | 3단계 하이브리드 인물 사진 분류 크롤링 완료
